This is pdfTeX, Version 3.141592653-2.6-1.40.28 (TeX Live 2025/VoidLinux) (preloaded format=latex 2026.6.14)  14 JUN 2026 21:52
entering extended mode
 restricted \write18 enabled.
 %&-line parsing enabled.
**main.tex
(/usr/share/texmf-dist/tex/latex/tools/q.tex
! Interruption.
<to be read again> 
                   \immediate 
l.1 
    %%
? 
LaTeX2e <2025-11-01>
L3 programming layer <2026-01-19>
File ignored
)
! Emergency stop.
<*> main.tex
            
*** (job aborted, no legal \end found)

 
Here is how much of TeX's memory you used:
 16 strings out of 467525
 446 string characters out of 5425840
 433753 words of memory out of 5000000
 29024 multiletter control sequences out of 15000+600000
 627721 words of font info for 40 fonts, out of 8000000 for 9000
 1141 hyphenation exceptions out of 8191
 12i,0n,13p,88b,8s stack positions out of 10000i,1000n,20000p,200000b,200000s
No pages of output.
